{
  "criteria": [],
  "matches": 280,
  "results": [
    {
      "status": "ok",
      "motorId": "56a409280002310000000014",
      "manufacturer": "Estes Industries",
      "manufacturerAbbrev": "Estes",
      "designation": "C5",
      "commonName": "C5",
      "thrustToWeight": 4.984858067159761,
      "simulationsRun": 1,
      "liftoffTime": 0.03,
      "burnoutTime": 1.73,
      "apogeeTime": 7.279999999999983,
      "maxAcceleration": 190.5519096951878,
      "guideVelocity": 15.913868995492022,
      "maxVelocity": 61.25736811606941,
      "burnoutAltitude": 69.199747904822,
      "maxAltitude": 229.35653572550592,
      "optimalDelay": 5.549999999999983
    },
    {
      "status": "ok",
      "motorId": "56a409280002310000000024",
      "manufacturer": "AeroTech",
      "manufacturerAbbrev": "AeroTech",
      "designation": "D24T",
      "commonName": "D24",
      "thrustToWeight": 12.872827748447863,
      "simulationsRun": 1,
      "liftoffTime": 0.009000000000000001,
      "burnoutTime": 0.9,
      "apogeeTime": 10.80000000000002,
      "maxAcceleration": 339.0240956360988,
      "guideVelocity": 23.280520841790448,
      "maxVelocity": 147.44221449496052,
      "burnoutAltitude": 88.56031720292509,
      "maxAltitude": 669.5412682222425,
      "optimalDelay": 9.90000000000002
    },
    {
      "status": "ok",
      "motorId": "56a4092800023100000002e3",
      "manufacturer": "AeroTech",
      "manufacturerAbbrev": "AeroTech",
      "designation": "D10W",
      "commonName": "D10",
      "thrustToWeight": 12.311992869048206,
      "simulationsRun": 1,
      "liftoffTime": 0.01,
      "burnoutTime": 1.385,
      "apogeeTime": 10.890000000000022,
      "maxAcceleration": 205.96157816548836,
      "guideVelocity": 17.637565084427315,
      "maxVelocity": 137.25511162170062,
      "burnoutAltitude": 130.94129416479478,
      "maxAltitude": 655.1655375118384,
      "optimalDelay": 9.505000000000022
    },
    {
      "status": "ok",
      "motorId": "56a409280002310000000021",
      "manufacturer": "AeroTech",
      "manufacturerAbbrev": "AeroTech",
      "designation": "D13W",
      "commonName": "D13",
      "thrustToWeight": 12.35162946312653,
      "simulationsRun": 1,
      "liftoffTime": 0.01,
      "burnoutTime": 1.7,
      "apogeeTime": 11.150000000000025,
      "maxAcceleration": 202.9084551625239,
      "guideVelocity": 20.225234201325,
      "maxVelocity": 146.08959051357414,
      "burnoutAltitude": 184.72047574736234,
      "maxAltitude": 711.1774670044884,
      "optimalDelay": 9.450000000000026
    },
    {
      "status": "ok",
      "motorId": "56a409280002310000000023",
      "manufacturer": "AeroTech",
      "manufacturerAbbrev": "AeroTech",
      "designation": "D21T",
      "commonName": "D21",
      "thrustToWeight": 20.394324259558566,
      "simulationsRun": 1,
      "liftoffTime": 0.009399999999999999,
      "burnoutTime": 0.94,
      "apogeeTime": 11.049400000000022,
      "maxAcceleration": 292.7761827185242,
      "guideVelocity": 22.564510489810782,
      "maxVelocity": 161.258131234474,
      "burnoutAltitude": 98.27863701274039,
      "maxAltitude": 721.6995745020256,
      "optimalDelay": 10.109400000000022
    }
  ],
  "okCount": 5,
  "failedCount": 7
}