<?xml version="1.0" encoding="UTF-8"?>
<motorguide-response xmlns="http://www.thrustcurve.org/2020/MotorGuideResponse" xmlns:xsi="http://www.w3.org/2001/XMLSchema-instance" xsi:schemaLocation="http://www.thrustcurve.org/2020/MotorGuideResponse http://www.thrustcurve.org/2020/motorguide-response.xsd">
    <criteria>
        <matches>280</matches>
    </criteria>
    <results ok-count="0" failed-count="12">
        <result>
            <status>guide-vel</status>
            <motor-id>56a409280002310000000007</motor-id>
            <manufacturer>Estes Industries</manufacturer>
            <manufacturer-abbrev>Estes</manufacturer-abbrev>
            <designation>1/2A6</designation>
            <common-name>1/2A6</common-name>
            <thrust-to-weight>1.2100726746649948</thrust-to-weight>
            <simulations-run>1</simulations-run>
            <liftoff-time>0.11219999999999994</liftoff-time>
            <burnout-time>0.33</burnout-time>
            <apogee-time>0.43000000000000044</apogee-time>
            <max-acceleration>17.2559655146093</max-acceleration>
            <guide-velocity>0</guide-velocity>
            <max-velocity>1.6338879107294926</max-velocity>
            <burnout-altitude>0.1979644285305648</burnout-altitude>
            <max-altitude>0.25666925849243205</max-altitude>
            <optimal-delay>0.10000000000000042</optimal-delay>
        </result>
        <result>
            <status>guide-vel</status>
            <motor-id>56a40928000231000000000b</motor-id>
            <manufacturer>Estes Industries</manufacturer>
            <manufacturer-abbrev>Estes</manufacturer-abbrev>
            <designation>A8</designation>
            <common-name>A8</common-name>
            <thrust-to-weight>1.1197160073445485</thrust-to-weight>
            <simulations-run>1</simulations-run>
            <liftoff-time>0.1022</liftoff-time>
            <burnout-time>0.73</burnout-time>
            <apogee-time>0.8372999999999984</apogee-time>
            <max-acceleration>23.58461794301858</max-acceleration>
            <guide-velocity>2.015209255171208</guide-velocity>
            <max-velocity>2.378131342650733</max-velocity>
            <burnout-altitude>1.1504077045373946</burnout-altitude>
            <max-altitude>1.2157193556323307</max-altitude>
            <optimal-delay>0.1072999999999984</optimal-delay>
        </result>
        <result>
            <status>guide-vel</status>
            <motor-id>56a40928000231000000000e</motor-id>
            <manufacturer>Estes Industries</manufacturer>
            <manufacturer-abbrev>Estes</manufacturer-abbrev>
            <designation>B4</designation>
            <common-name>B4</common-name>
            <thrust-to-weight>1.4414293586840545</thrust-to-weight>
            <simulations-run>1</simulations-run>
            <liftoff-time>0.060000000000000005</liftoff-time>
            <burnout-time>1.03</burnout-time>
            <apogee-time>1.480000000000001</apogee-time>
            <max-acceleration>32.6387553651698</max-acceleration>
            <guide-velocity>3.941308494173945</guide-velocity>
            <max-velocity>4.840995160899556</max-velocity>
            <burnout-altitude>3.7006301261021606</burnout-altitude>
            <max-altitude>4.709710616086023</max-altitude>
            <optimal-delay>0.45000000000000107</optimal-delay>
        </result>
        <result>
            <status>guide-vel</status>
            <motor-id>56a409280002310000000010</motor-id>
            <manufacturer>Estes Industries</manufacturer>
            <manufacturer-abbrev>Estes</manufacturer-abbrev>
            <designation>B6</designation>
            <common-name>B6</common-name>
            <thrust-to-weight>1.7211988427110672</thrust-to-weight>
            <simulations-run>1</simulations-run>
            <liftoff-time>0.06879999999999999</liftoff-time>
            <burnout-time>0.86</burnout-time>
            <apogee-time>1.4600000000000024</apogee-time>
            <max-acceleration>30.711395166051346</max-acceleration>
            <guide-velocity>4.620404853648503</guide-velocity>
            <max-velocity>6.626151811966884</max-velocity>
            <burnout-altitude>3.523657025885985</burnout-altitude>
            <max-altitude>5.429026317521467</max-altitude>
            <optimal-delay>0.6000000000000024</optimal-delay>
        </result>
        <result>
            <status>guide-vel</status>
            <motor-id>56a409280002310000000015</motor-id>
            <manufacturer>Estes Industries</manufacturer>
            <manufacturer-abbrev>Estes</manufacturer-abbrev>
            <designation>C6</designation>
            <common-name>C6</common-name>
            <thrust-to-weight>1.586820370819232</thrust-to-weight>
            <simulations-run>1</simulations-run>
            <liftoff-time>0.07</liftoff-time>
            <burnout-time>1.86</burnout-time>
            <apogee-time>2.9099999999999984</apogee-time>
            <max-acceleration>35.778036726549935</max-acceleration>
            <guide-velocity>4.713502599250447</guide-velocity>
            <max-velocity>10.71852471376572</max-velocity>
            <burnout-altitude>12.326967035083964</burnout-altitude>
            <max-altitude>17.805259366385204</max-altitude>
            <optimal-delay>1.0499999999999983</optimal-delay>
        </result>
        <result>
            <status>guide-vel</status>
            <motor-id>56a40928000231000000040c</motor-id>
            <manufacturer>AeroTech</manufacturer>
            <manufacturer-abbrev>AeroTech</manufacturer-abbrev>
            <designation>C3.4T</designation>
            <common-name>C3</common-name>
            <thrust-to-weight>1.0433069106388713</thrust-to-weight>
            <simulations-run>1</simulations-run>
            <liftoff-time>0.03</liftoff-time>
            <burnout-time>2.86</burnout-time>
            <apogee-time>2.9699999999999824</apogee-time>
            <max-acceleration>19.623404149321416</max-acceleration>
            <guide-velocity>5.417023129831761</guide-velocity>
            <max-velocity>9.015185572343194</max-velocity>
            <burnout-altitude>15.787027793056884</burnout-altitude>
            <max-altitude>15.813843149144311</max-altitude>
            <optimal-delay>0.10999999999998256</optimal-delay>
        </result>
        <result>
            <status>guide-vel</status>
            <motor-id>56a409280002310000000014</motor-id>
            <manufacturer>Estes Industries</manufacturer>
            <manufacturer-abbrev>Estes</manufacturer-abbrev>
            <designation>C5</designation>
            <common-name>C5</common-name>
            <thrust-to-weight>1.7551398168402825</thrust-to-weight>
            <simulations-run>1</simulations-run>
            <liftoff-time>0.05</liftoff-time>
            <burnout-time>1.73</burnout-time>
            <apogee-time>2.979999999999998</apogee-time>
            <max-acceleration>61.37972426198949</max-acceleration>
            <guide-velocity>8.548885281289438</guide-velocity>
            <max-velocity>12.77973134493606</max-velocity>
            <burnout-altitude>16.379535166739085</burnout-altitude>
            <max-altitude>24.178836221261772</max-altitude>
            <optimal-delay>1.2499999999999982</optimal-delay>
        </result>
        <result>
            <status>guide-vel</status>
            <motor-id>56a40928000231000000040d</motor-id>
            <manufacturer>AeroTech</manufacturer>
            <manufacturer-abbrev>AeroTech</manufacturer-abbrev>
            <designation>D2.3T</designation>
            <common-name>D2</common-name>
            <thrust-to-weight>0.6922184987234096</thrust-to-weight>
            <simulations-run>1</simulations-run>
            <liftoff-time>0.02</liftoff-time>
            <burnout-time>8.14</burnout-time>
            <apogee-time>8.14999999999987</apogee-time>
            <max-acceleration>22.532870119909425</max-acceleration>
            <guide-velocity>5.94603012809277</guide-velocity>
            <max-velocity>9.507304365903398</max-velocity>
            <burnout-altitude>-42.99952793412202</burnout-altitude>
            <max-altitude>17.20426358680131</max-altitude>
            <optimal-delay>0.009999999999870113</optimal-delay>
        </result>
        <result>
            <status>guide-vel</status>
            <motor-id>56a409280002310000000024</motor-id>
            <manufacturer>AeroTech</manufacturer>
            <manufacturer-abbrev>AeroTech</manufacturer-abbrev>
            <designation>D24T</designation>
            <common-name>D24</common-name>
            <thrust-to-weight>4.7813360208520646</thrust-to-weight>
            <simulations-run>1</simulations-run>
            <liftoff-time>0.009000000000000001</liftoff-time>
            <burnout-time>0.9</burnout-time>
            <apogee-time>6.049999999999987</apogee-time>
            <max-acceleration>119.82209839117523</max-acceleration>
            <guide-velocity>13.8639704332696</guide-velocity>
            <max-velocity>53.33514619023415</max-velocity>
            <burnout-altitude>31.74112800710912</burnout-altitude>
            <max-altitude>163.48582568993365</max-altitude>
            <optimal-delay>5.149999999999987</optimal-delay>
        </result>
        <result>
            <status>guide-vel</status>
            <motor-id>56a4092800023100000002e3</motor-id>
            <manufacturer>AeroTech</manufacturer>
            <manufacturer-abbrev>AeroTech</manufacturer-abbrev>
            <designation>D10W</designation>
            <common-name>D10</common-name>
            <thrust-to-weight>4.420200741914686</thrust-to-weight>
            <simulations-run>1</simulations-run>
            <liftoff-time>0.01</liftoff-time>
            <burnout-time>1.385</burnout-time>
            <apogee-time>5.889999999999988</apogee-time>
            <max-acceleration>67.69062804131084</max-acceleration>
            <guide-velocity>10.27554776496992</guide-velocity>
            <max-velocity>46.44196729806405</max-velocity>
            <burnout-altitude>43.842922019026844</burnout-altitude>
            <max-altitude>144.23919590807313</max-altitude>
            <optimal-delay>4.504999999999988</optimal-delay>
        </result>
        <result>
            <status>guide-vel</status>
            <motor-id>56a409280002310000000021</motor-id>
            <manufacturer>AeroTech</manufacturer>
            <manufacturer-abbrev>AeroTech</manufacturer-abbrev>
            <designation>D13W</designation>
            <common-name>D13</common-name>
            <thrust-to-weight>4.26959828765048</thrust-to-weight>
            <simulations-run>1</simulations-run>
            <liftoff-time>0.01</liftoff-time>
            <burnout-time>1.7</burnout-time>
            <apogee-time>6.199999999999987</apogee-time>
            <max-acceleration>63.722761764705886</max-acceleration>
            <guide-velocity>10.811518079631355</guide-velocity>
            <max-velocity>48.152906444424595</max-velocity>
            <burnout-altitude>60.21337348609914</burnout-altitude>
            <max-altitude>159.69189426312198</max-altitude>
            <optimal-delay>4.499999999999987</optimal-delay>
        </result>
        <result>
            <status>guide-vel</status>
            <motor-id>56a409280002310000000023</motor-id>
            <manufacturer>AeroTech</manufacturer>
            <manufacturer-abbrev>AeroTech</manufacturer-abbrev>
            <designation>D21T</designation>
            <common-name>D21</common-name>
            <thrust-to-weight>7.032060184798156</thrust-to-weight>
            <simulations-run>1</simulations-run>
            <liftoff-time>0.018799999999999997</liftoff-time>
            <burnout-time>0.94</burnout-time>
            <apogee-time>6.2493999999999845</apogee-time>
            <max-acceleration>94.71980479973203</max-acceleration>
            <guide-velocity>13.22777736346857</guide-velocity>
            <max-velocity>54.88232564368442</max-velocity>
            <burnout-altitude>32.84756934842985</burnout-altitude>
            <max-altitude>174.03918556869613</max-altitude>
            <optimal-delay>5.309399999999984</optimal-delay>
        </result>
    </results>
</motorguide-response>