{
  "criteria": [],
  "matches": 0,
  "results": [],
  "okCount": 0,
  "failedCount": 0,
  "error": "Invalid rocket bodyDiameterM value.\nInvalid rocket mmtDiameterMm value.\nInvalid rocket mmtLengthMm value.\nInvalid rocket weightKg value.\nInvalid rocket cd value.\nInvalid rocket guideLengthM value."
}