<?xml version="1.0" encoding="UTF-8"?>
<motorguide-response xmlns="http://www.thrustcurve.org/2020/MotorGuideResponse" xmlns:xsi="http://www.w3.org/2001/XMLSchema-instance" xsi:schemaLocation="http://www.thrustcurve.org/2020/MotorGuideResponse http://www.thrustcurve.org/2020/motorguide-response.xsd">
    <criteria>
        <matches>0</matches>
    </criteria>
    <results ok-count="0" failed-count="0"/>
    <error>Invalid rocket body-diameter-m value.
Invalid rocket mmt-diameter-mm value.
Invalid rocket mmt-length-mm value.
Invalid rocket weight-kg value.
Invalid rocket cd value.
Invalid rocket guide-length-m value.</error>
</motorguide-response>