{
  "criteria": [],
  "matches": 280,
  "results": [
    {
      "status": "guide-vel",
      "motorId": "56a409280002310000000007",
      "manufacturer": "Estes Industries",
      "manufacturerAbbrev": "Estes",
      "designation": "1/2A6",
      "commonName": "1/2A6",
      "thrustToWeight": 1.2100726746649948,
      "simulationsRun": 1,
      "liftoffTime": 0.11219999999999994,
      "burnoutTime": 0.33,
      "apogeeTime": 0.43000000000000044,
      "maxAcceleration": 17.2559655146093,
      "guideVelocity": 0,
      "maxVelocity": 1.6338879107294926,
      "burnoutAltitude": 0.1979644285305648,
      "maxAltitude": 0.25666925849243205,
      "optimalDelay": 0.10000000000000042
    },
    {
      "status": "guide-vel",
      "motorId": "56a40928000231000000000b",
      "manufacturer": "Estes Industries",
      "manufacturerAbbrev": "Estes",
      "designation": "A8",
      "commonName": "A8",
      "thrustToWeight": 1.1197160073445485,
      "simulationsRun": 1,
      "liftoffTime": 0.1022,
      "burnoutTime": 0.73,
      "apogeeTime": 0.8372999999999984,
      "maxAcceleration": 23.58461794301858,
      "guideVelocity": 2.015209255171208,
      "maxVelocity": 2.378131342650733,
      "burnoutAltitude": 1.1504077045373946,
      "maxAltitude": 1.2157193556323307,
      "optimalDelay": 0.1072999999999984
    },
    {
      "status": "guide-vel",
      "motorId": "56a40928000231000000000e",
      "manufacturer": "Estes Industries",
      "manufacturerAbbrev": "Estes",
      "designation": "B4",
      "commonName": "B4",
      "thrustToWeight": 1.4414293586840545,
      "simulationsRun": 1,
      "liftoffTime": 0.060000000000000005,
      "burnoutTime": 1.03,
      "apogeeTime": 1.480000000000001,
      "maxAcceleration": 32.6387553651698,
      "guideVelocity": 3.941308494173945,
      "maxVelocity": 4.840995160899556,
      "burnoutAltitude": 3.7006301261021606,
      "maxAltitude": 4.709710616086023,
      "optimalDelay": 0.45000000000000107
    },
    {
      "status": "guide-vel",
      "motorId": "56a409280002310000000010",
      "manufacturer": "Estes Industries",
      "manufacturerAbbrev": "Estes",
      "designation": "B6",
      "commonName": "B6",
      "thrustToWeight": 1.7211988427110672,
      "simulationsRun": 1,
      "liftoffTime": 0.06879999999999999,
      "burnoutTime": 0.86,
      "apogeeTime": 1.4600000000000024,
      "maxAcceleration": 30.711395166051346,
      "guideVelocity": 4.620404853648503,
      "maxVelocity": 6.626151811966884,
      "burnoutAltitude": 3.523657025885985,
      "maxAltitude": 5.429026317521467,
      "optimalDelay": 0.6000000000000024
    },
    {
      "status": "guide-vel",
      "motorId": "56a409280002310000000015",
      "manufacturer": "Estes Industries",
      "manufacturerAbbrev": "Estes",
      "designation": "C6",
      "commonName": "C6",
      "thrustToWeight": 1.586820370819232,
      "simulationsRun": 1,
      "liftoffTime": 0.07,
      "burnoutTime": 1.86,
      "apogeeTime": 2.9099999999999984,
      "maxAcceleration": 35.778036726549935,
      "guideVelocity": 4.713502599250447,
      "maxVelocity": 10.71852471376572,
      "burnoutAltitude": 12.326967035083964,
      "maxAltitude": 17.805259366385204,
      "optimalDelay": 1.0499999999999983
    },
    {
      "status": "guide-vel",
      "motorId": "56a40928000231000000040c",
      "manufacturer": "AeroTech",
      "manufacturerAbbrev": "AeroTech",
      "designation": "C3.4T",
      "commonName": "C3",
      "thrustToWeight": 1.0433069106388713,
      "simulationsRun": 1,
      "liftoffTime": 0.03,
      "burnoutTime": 2.86,
      "apogeeTime": 2.9699999999999824,
      "maxAcceleration": 19.623404149321416,
      "guideVelocity": 5.417023129831761,
      "maxVelocity": 9.015185572343194,
      "burnoutAltitude": 15.787027793056884,
      "maxAltitude": 15.813843149144311,
      "optimalDelay": 0.10999999999998256
    },
    {
      "status": "guide-vel",
      "motorId": "56a409280002310000000014",
      "manufacturer": "Estes Industries",
      "manufacturerAbbrev": "Estes",
      "designation": "C5",
      "commonName": "C5",
      "thrustToWeight": 1.7551398168402825,
      "simulationsRun": 1,
      "liftoffTime": 0.05,
      "burnoutTime": 1.73,
      "apogeeTime": 2.979999999999998,
      "maxAcceleration": 61.37972426198949,
      "guideVelocity": 8.548885281289438,
      "maxVelocity": 12.77973134493606,
      "burnoutAltitude": 16.379535166739085,
      "maxAltitude": 24.178836221261772,
      "optimalDelay": 1.2499999999999982
    },
    {
      "status": "guide-vel",
      "motorId": "56a40928000231000000040d",
      "manufacturer": "AeroTech",
      "manufacturerAbbrev": "AeroTech",
      "designation": "D2.3T",
      "commonName": "D2",
      "thrustToWeight": 0.6922184987234096,
      "simulationsRun": 1,
      "liftoffTime": 0.02,
      "burnoutTime": 8.14,
      "apogeeTime": 8.14999999999987,
      "maxAcceleration": 22.532870119909425,
      "guideVelocity": 5.94603012809277,
      "maxVelocity": 9.507304365903398,
      "burnoutAltitude": -42.99952793412202,
      "maxAltitude": 17.20426358680131,
      "optimalDelay": 0.009999999999870113
    },
    {
      "status": "guide-vel",
      "motorId": "56a409280002310000000024",
      "manufacturer": "AeroTech",
      "manufacturerAbbrev": "AeroTech",
      "designation": "D24T",
      "commonName": "D24",
      "thrustToWeight": 4.7813360208520646,
      "simulationsRun": 1,
      "liftoffTime": 0.009000000000000001,
      "burnoutTime": 0.9,
      "apogeeTime": 6.049999999999987,
      "maxAcceleration": 119.82209839117523,
      "guideVelocity": 13.8639704332696,
      "maxVelocity": 53.33514619023415,
      "burnoutAltitude": 31.74112800710912,
      "maxAltitude": 163.48582568993365,
      "optimalDelay": 5.149999999999987
    },
    {
      "status": "guide-vel",
      "motorId": "56a4092800023100000002e3",
      "manufacturer": "AeroTech",
      "manufacturerAbbrev": "AeroTech",
      "designation": "D10W",
      "commonName": "D10",
      "thrustToWeight": 4.420200741914686,
      "simulationsRun": 1,
      "liftoffTime": 0.01,
      "burnoutTime": 1.385,
      "apogeeTime": 5.889999999999988,
      "maxAcceleration": 67.69062804131084,
      "guideVelocity": 10.27554776496992,
      "maxVelocity": 46.44196729806405,
      "burnoutAltitude": 43.842922019026844,
      "maxAltitude": 144.23919590807313,
      "optimalDelay": 4.504999999999988
    },
    {
      "status": "guide-vel",
      "motorId": "56a409280002310000000021",
      "manufacturer": "AeroTech",
      "manufacturerAbbrev": "AeroTech",
      "designation": "D13W",
      "commonName": "D13",
      "thrustToWeight": 4.26959828765048,
      "simulationsRun": 1,
      "liftoffTime": 0.01,
      "burnoutTime": 1.7,
      "apogeeTime": 6.199999999999987,
      "maxAcceleration": 63.722761764705886,
      "guideVelocity": 10.811518079631355,
      "maxVelocity": 48.152906444424595,
      "burnoutAltitude": 60.21337348609914,
      "maxAltitude": 159.69189426312198,
      "optimalDelay": 4.499999999999987
    },
    {
      "status": "guide-vel",
      "motorId": "56a409280002310000000023",
      "manufacturer": "AeroTech",
      "manufacturerAbbrev": "AeroTech",
      "designation": "D21T",
      "commonName": "D21",
      "thrustToWeight": 7.032060184798156,
      "simulationsRun": 1,
      "liftoffTime": 0.018799999999999997,
      "burnoutTime": 0.94,
      "apogeeTime": 6.2493999999999845,
      "maxAcceleration": 94.71980479973203,
      "guideVelocity": 13.22777736346857,
      "maxVelocity": 54.88232564368442,
      "burnoutAltitude": 32.84756934842985,
      "maxAltitude": 174.03918556869613,
      "optimalDelay": 5.309399999999984
    }
  ],
  "okCount": 0,
  "failedCount": 12
}