{
  "results": [
    {
      "clientId": "abcde-12345",
      "id": "5f70ff46e645437e11edd06b",
      "name": "Alpha III",
      "status": "unchanged"
    }
  ]
}