{
  "criteria": [
    {
      "name": "manufacturer",
      "value": "Estes",
      "matches": 22
    }
  ],
  "matches": 22,
  "results": [
    {
      "motorId": "56a409280002310000000004",
      "manufacturer": "Estes Industries",
      "manufacturerAbbrev": "Estes",
      "designation": "1/4A3",
      "commonName": "1/4A3",
      "impulseClass": "A",
      "diameter": 13,
      "length": 45,
      "type": "SU",
      "certOrg": "National Association of Rocketry",
      "avgThrustN": 2.36,
      "maxThrustN": 4.95,
      "totImpulseNs": 0.59,
      "burnTimeS": 0.25,
      "dataFiles": 2,
      "infoUrl": "http://nar.org/SandT/pdf/Estes/qtrA3.pdf",
      "propWeightG": 0.83,
      "delays": "3",
      "propInfo": "black powder",
      "sparky": false,
      "updatedOn": "2014-07-05",
      "availability": "regular"
    },
    {
      "motorId": "56a409280002310000000006",
      "manufacturer": "Estes Industries",
      "manufacturerAbbrev": "Estes",
      "designation": "1/2A3",
      "commonName": "1/2A3",
      "impulseClass": "A",
      "diameter": 13,
      "length": 45,
      "type": "SU",
      "certOrg": "National Association of Rocketry",
      "avgThrustN": 3.03,
      "maxThrustN": 7.62,
      "totImpulseNs": 1.09,
      "burnTimeS": 0.36,
      "dataFiles": 2,
      "infoUrl": "http://nar.org/SandT/pdf/Estes/halfA3T.pdf",
      "propWeightG": 2,
      "delays": "2,4",
      "propInfo": "black powder",
      "sparky": false,
      "updatedOn": "2014-07-05",
      "availability": "regular"
    },
    {
      "motorId": "56a409280002310000000007",
      "manufacturer": "Estes Industries",
      "manufacturerAbbrev": "Estes",
      "designation": "1/2A6",
      "commonName": "1/2A6",
      "impulseClass": "A",
      "diameter": 18,
      "length": 70,
      "type": "SU",
      "certOrg": "National Association of Rocketry",
      "avgThrustN": 3.42,
      "maxThrustN": 7.86,
      "totImpulseNs": 1.13,
      "burnTimeS": 0.33,
      "dataFiles": 2,
      "infoUrl": "http://nar.org/SandT/pdf/Estes/halfA6.pdf",
      "propWeightG": 2.6,
      "delays": "2",
      "propInfo": "black powder",
      "sparky": false,
      "updatedOn": "2014-07-05",
      "availability": "regular"
    },
    {
      "motorId": "56a40928000231000000000c",
      "manufacturer": "Estes Industries",
      "manufacturerAbbrev": "Estes",
      "designation": "A10",
      "commonName": "A10",
      "impulseClass": "A",
      "diameter": 13,
      "length": 45,
      "type": "SU",
      "certOrg": "National Association of Rocketry",
      "avgThrustN": 2.35,
      "maxThrustN": 12.64,
      "totImpulseNs": 2,
      "burnTimeS": 0.85,
      "dataFiles": 2,
      "infoUrl": "http://nar.org/SandT/pdf/Estes/A10T.pdf",
      "propWeightG": 3.8,
      "delays": "0,3,P",
      "propInfo": "black powder",
      "sparky": false,
      "updatedOn": "2014-07-05",
      "availability": "regular"
    },
    {
      "motorId": "56a409280002310000000009",
      "manufacturer": "Estes Industries",
      "manufacturerAbbrev": "Estes",
      "designation": "A3",
      "commonName": "A3",
      "impulseClass": "A",
      "diameter": 13,
      "length": 45,
      "type": "SU",
      "certOrg": "National Association of Rocketry",
      "avgThrustN": 2.2,
      "maxThrustN": 5.83,
      "totImpulseNs": 2.22,
      "burnTimeS": 1.01,
      "dataFiles": 2,
      "infoUrl": "http://nar.org/SandT/pdf/Estes/A3T.pdf",
      "propWeightG": 3.3,
      "delays": "4",
      "propInfo": "black powder",
      "sparky": false,
      "updatedOn": "2014-07-05",
      "availability": "regular"
    },
    {
      "motorId": "56a40928000231000000000b",
      "manufacturer": "Estes Industries",
      "manufacturerAbbrev": "Estes",
      "designation": "A8",
      "commonName": "A8",
      "impulseClass": "A",
      "diameter": 18,
      "length": 70,
      "type": "SU",
      "certOrg": "National Association of Rocketry",
      "avgThrustN": 3.18,
      "maxThrustN": 9.73,
      "totImpulseNs": 2.32,
      "burnTimeS": 0.73,
      "dataFiles": 2,
      "infoUrl": "http://nar.org/SandT/pdf/Estes/A8.pdf",
      "propWeightG": 3.3,
      "delays": "0,3,5",
      "propInfo": "black powder",
      "sparky": false,
      "updatedOn": "2014-07-05",
      "availability": "regular"
    },
    {
      "motorId": "56a40928000231000000000e",
      "manufacturer": "Estes Industries",
      "manufacturerAbbrev": "Estes",
      "designation": "B4",
      "commonName": "B4",
      "impulseClass": "B",
      "diameter": 18,
      "length": 70,
      "type": "SU",
      "certOrg": "National Association of Rocketry",
      "avgThrustN": 4.17,
      "maxThrustN": 12.75,
      "totImpulseNs": 4.29,
      "burnTimeS": 1.03,
      "dataFiles": 3,
      "infoUrl": "http://nar.org/SandT/pdf/Estes/B4.pdf",
      "propWeightG": 6,
      "delays": "2,4",
      "propInfo": "black powder",
      "sparky": false,
      "updatedOn": "2014-07-05",
      "availability": "regular"
    },
    {
      "motorId": "56a409280002310000000010",
      "manufacturer": "Estes Industries",
      "manufacturerAbbrev": "Estes",
      "designation": "B6",
      "commonName": "B6",
      "impulseClass": "B",
      "diameter": 18,
      "length": 70,
      "type": "SU",
      "certOrg": "National Association of Rocketry",
      "avgThrustN": 5.03,
      "maxThrustN": 12.14,
      "totImpulseNs": 4.33,
      "burnTimeS": 0.86,
      "dataFiles": 2,
      "infoUrl": "http://www.nar.org/SandT/pdf/Estes/B6.pdf",
      "totalWeightG": 15,
      "propWeightG": 5.6,
      "delays": "0,2,4,6",
      "propInfo": "black powder",
      "sparky": false,
      "updatedOn": "2014-07-05",
      "availability": "regular"
    },
    {
      "motorId": "56a40928000231000000001a",
      "manufacturer": "Estes Industries",
      "manufacturerAbbrev": "Estes",
      "designation": "C11",
      "commonName": "C11",
      "impulseClass": "C",
      "diameter": 24,
      "length": 70,
      "type": "SU",
      "certOrg": "National Association of Rocketry",
      "avgThrustN": 10.86,
      "maxThrustN": 21.73,
      "totImpulseNs": 8.8,
      "burnTimeS": 0.81,
      "dataFiles": 2,
      "infoUrl": "http://nar.org/SandT/pdf/Estes/C11.pdf",
      "propWeightG": 12,
      "delays": "0,3,5,7",
      "propInfo": "black powder",
      "sparky": false,
      "updatedOn": "2014-07-05",
      "availability": "regular"
    },
    {
      "motorId": "56a409280002310000000015",
      "manufacturer": "Estes Industries",
      "manufacturerAbbrev": "Estes",
      "designation": "C6",
      "commonName": "C6",
      "impulseClass": "C",
      "diameter": 18,
      "length": 70,
      "type": "SU",
      "certOrg": "National Association of Rocketry",
      "avgThrustN": 4.74,
      "maxThrustN": 14.09,
      "totImpulseNs": 8.82,
      "burnTimeS": 1.86,
      "dataFiles": 3,
      "infoUrl": "http://nar.org/SandT/pdf/Estes/C6.pdf",
      "propWeightG": 10.8,
      "delays": "0,3,5,7",
      "propInfo": "black powder",
      "sparky": false,
      "updatedOn": "2014-07-05",
      "availability": "regular"
    },
    {
      "motorId": "56a409280002310000000014",
      "manufacturer": "Estes Industries",
      "manufacturerAbbrev": "Estes",
      "designation": "C5",
      "commonName": "C5",
      "impulseClass": "C",
      "diameter": 18,
      "length": 70,
      "type": "SU",
      "certOrg": "National Association of Rocketry",
      "avgThrustN": 5.26,
      "maxThrustN": 21.85,
      "totImpulseNs": 9.1,
      "burnTimeS": 1.73,
      "dataFiles": 2,
      "infoUrl": "http://nar.org/SandT/pdf/Estes/C5.pdf",
      "propWeightG": 11.3,
      "propInfo": "black powder",
      "sparky": false,
      "updatedOn": "2014-07-05",
      "availability": "regular"
    },
    {
      "motorId": "56a409280002310000000020",
      "manufacturer": "Estes Industries",
      "manufacturerAbbrev": "Estes",
      "designation": "D12",
      "commonName": "D12",
      "impulseClass": "D",
      "diameter": 24,
      "length": 70,
      "type": "SU",
      "certOrg": "National Association of Rocketry",
      "avgThrustN": 10.21,
      "maxThrustN": 29.73,
      "totImpulseNs": 16.84,
      "burnTimeS": 1.65,
      "dataFiles": 2,
      "infoUrl": "http://nar.org/SandT/pdf/Estes/D12.pdf",
      "propWeightG": 21.1,
      "delays": "0,3,5,7",
      "propInfo": "black powder",
      "sparky": false,
      "updatedOn": "2014-07-05",
      "availability": "regular"
    },
    {
      "motorId": "56a40928000231000000001f",
      "manufacturer": "Estes Industries",
      "manufacturerAbbrev": "Estes",
      "designation": "D11",
      "commonName": "D11",
      "impulseClass": "D",
      "diameter": 24,
      "length": 70,
      "type": "SU",
      "certOrg": "National Association of Rocketry",
      "avgThrustN": 9.4,
      "maxThrustN": 26.01,
      "totImpulseNs": 17.49,
      "burnTimeS": 1.86,
      "dataFiles": 2,
      "infoUrl": "http://nar.org/SandT/pdf/Estes/D11.pdf",
      "totalWeightG": 44.8,
      "propWeightG": 24.5,
      "propInfo": "black powder",
      "sparky": false,
      "updatedOn": "2014-07-18",
      "availability": "occasional"
    },
    {
      "motorId": "56a4092800023100000003e3",
      "manufacturer": "Estes Industries",
      "manufacturerAbbrev": "Estes",
      "designation": "E12",
      "commonName": "E12",
      "impulseClass": "E",
      "diameter": 24,
      "length": 95,
      "type": "SU",
      "certOrg": "National Association of Rocketry",
      "avgThrustN": 11.17,
      "maxThrustN": 33.29,
      "totImpulseNs": 27.24,
      "burnTimeS": 2.44,
      "dataFiles": 1,
      "infoUrl": "http://www.nar.org/SandT/pdf/Estes/E12.pdf",
      "propWeightG": 35.9,
      "delays": "0,4,6,8",
      "propInfo": "black powder",
      "sparky": false,
      "updatedOn": "2014-07-05",
      "availability": "regular"
    },
    {
      "motorId": "56a409280002310000000028",
      "manufacturer": "Estes Industries",
      "manufacturerAbbrev": "Estes",
      "designation": "E9",
      "commonName": "E9",
      "impulseClass": "E",
      "diameter": 24,
      "length": 95,
      "type": "SU",
      "certOrg": "National Association of Rocketry",
      "avgThrustN": 9.02,
      "maxThrustN": 19.47,
      "totImpulseNs": 27.87,
      "burnTimeS": 3.09,
      "dataFiles": 2,
      "infoUrl": "http://www.nar.org/SandT/pdf/Estes/E9.pdf",
      "totalWeightG": 58,
      "propWeightG": 35.8,
      "delays": "4,6,8",
      "propInfo": "black powder",
      "sparky": false,
      "updatedOn": "2014-07-05",
      "availability": "regular"
    },
    {
      "motorId": "56a4092800023100000003f8",
      "manufacturer": "Estes Industries",
      "manufacturerAbbrev": "Estes",
      "designation": "E16",
      "commonName": "E16",
      "impulseClass": "E",
      "diameter": 29,
      "length": 114,
      "type": "SU",
      "certOrg": "National Association of Rocketry",
      "avgThrustN": 15.97,
      "maxThrustN": 26.44,
      "totImpulseNs": 33.38,
      "burnTimeS": 2.09,
      "dataFiles": 1,
      "infoUrl": "http://www.nar.org/SandT/pdf/Estes/E16.pdf",
      "totalWeightG": 84,
      "propWeightG": 40,
      "delays": "0,4,6,8",
      "propInfo": "black powder",
      "sparky": false,
      "updatedOn": "2015-06-03",
      "availability": "regular"
    },
    {
      "motorId": "56a4092800023100000003e4",
      "manufacturer": "Estes Industries",
      "manufacturerAbbrev": "Estes",
      "designation": "E30",
      "commonName": "E30",
      "impulseClass": "E",
      "diameter": 24,
      "length": 70,
      "type": "SU",
      "certOrg": "National Association of Rocketry",
      "avgThrustN": 32.95,
      "maxThrustN": 49.3,
      "totImpulseNs": 33.56,
      "burnTimeS": 1.02,
      "dataFiles": 1,
      "infoUrl": "http://www.nar.org/SandT/pdf/Estes/E30.pdf",
      "propWeightG": 17.8,
      "delays": "4,7",
      "propInfo": "black powder",
      "sparky": false,
      "updatedOn": "2014-07-05",
      "availability": "regular"
    },
    {
      "motorId": "56a4092800023100000003f2",
      "manufacturer": "Estes Industries",
      "manufacturerAbbrev": "Estes",
      "designation": "F15",
      "commonName": "F15",
      "impulseClass": "F",
      "diameter": 29,
      "length": 114,
      "type": "SU",
      "certOrg": "National Association of Rocketry",
      "avgThrustN": 14.38,
      "maxThrustN": 25.26,
      "totImpulseNs": 49.61,
      "burnTimeS": 3.45,
      "dataFiles": 2,
      "infoUrl": "http://www.nar.org/SandT/pdf/Estes/F15.pdf",
      "totalWeightG": 102,
      "propWeightG": 60,
      "delays": "0, 4, 6, 8",
      "propInfo": "black powder",
      "sparky": false,
      "updatedOn": "2015-06-03",
      "availability": "regular"
    },
    {
      "motorId": "56a4092800023100000003e5",
      "manufacturer": "Estes Industries",
      "manufacturerAbbrev": "Estes",
      "designation": "F26",
      "commonName": "F26",
      "impulseClass": "F",
      "diameter": 29,
      "length": 98,
      "type": "SU",
      "certOrg": "National Association of Rocketry",
      "avgThrustN": 26.96,
      "maxThrustN": 39.16,
      "totImpulseNs": 62.19,
      "burnTimeS": 2.31,
      "dataFiles": 0,
      "infoUrl": "http://www.nar.org/SandT/pdf/Estes/F26FJ.pdf",
      "propWeightG": 43.1,
      "delays": "6",
      "propInfo": "composite",
      "sparky": false,
      "updatedOn": "2014-07-05",
      "availability": "regular"
    },
    {
      "motorId": "56a4092800023100000003e6",
      "manufacturer": "Estes Industries",
      "manufacturerAbbrev": "Estes",
      "designation": "F50",
      "commonName": "F50",
      "impulseClass": "F",
      "diameter": 29,
      "length": 98,
      "type": "SU",
      "certOrg": "National Association of Rocketry",
      "avgThrustN": 53.73,
      "maxThrustN": 79.59,
      "totImpulseNs": 76.83,
      "burnTimeS": 1.43,
      "dataFiles": 1,
      "infoUrl": "http://www.nar.org/SandT/pdf/Estes/F50T.pdf",
      "propWeightG": 37.9,
      "delays": "4,6",
      "propInfo": "composite",
      "sparky": false,
      "updatedOn": "2014-07-05",
      "availability": "regular"
    }
  ]
}