{
  "criteria": [],
  "matches": 0,
  "results": [],
  "error": "Invalid search criterion \"imaginary\"."
}